
> json-crack@0.0.0 build
> next build

  Γû▓ Next.js 14.2.28
  - Environments: .env

   Linting and checking validity of types ...
   Creating an optimized production build ...
 Γ£ô Compiled successfully
   Collecting page data ...
   Generating static pages (0/37) ...
   Generating static pages (9/37) 
   Generating static pages (18/37) 
   Generating static pages (27/37) 
 Γ£ô Generating static pages (37/37)
   Finalizing page optimization ...
   Collecting build traces ...
